// Jest Snapshot v1, https://goo.gl/fbAQLP

exports[`Base64 #encode gas cost of encode(<some html>) 1`] = `1591`;

exports[`Base64 #encode gas cost of encode(aLpHaBeT) 1`] = `1375`;

exports[`Base64 #encode gas cost of encode(alphabet soup) 1`] = `1796`;

exports[`Base64 #encode gas cost of encode(f) 1`] = `932`;

exports[`Base64 #encode gas cost of encode(fo) 1`] = `943`;

exports[`Base64 #encode gas cost of encode(foo) 1`] = `911`;

exports[`Base64 #encode gas cost of encode(foob) 1`] = `1148`;

exports[`Base64 #encode gas cost of encode(fooba) 1`] = `1159`;

exports[`Base64 #encode gas cost of encode(foobar) 1`] = `1127`;

exports[`Base64 #encode gas cost of encode(includes
newlines) 1`] = `2023`;

exports[`Base64 #encode gas cost of encode(test string) 1`] = `1591`;

exports[`Base64 #encode gas cost of encode(this is a test) 1`] = `1807`;

exports[`Base64 #encode gas cost of encode(this is a very long string that should cost a lot of gas to encode :)) 1`] = `5903`;

exports[`Base64 #encode gas cost of encode(ðŸ˜€) 1`] = `1148`;

exports[`Base64 #encode max size string (24kB) gas cost 1`] = `3533344`;
