// Jest Snapshot v1, https://goo.gl/fbAQLP

exports[`PositionValue #fees when price is above the position range gas 1`] = `78698`;

exports[`PositionValue #fees when price is below the position range gas 1`] = `78614`;

exports[`PositionValue #fees when price is within the position range gas 1`] = `84794`;

exports[`PositionValue #principal gas 1`] = `31969`;

exports[`PositionValue #total gas 1`] = `96236`;
